// Jest Snapshot v1, https://goo.gl/fbAQLP

exports[`Pruebas en TodoApp Debe de mostrarse correctamente 1`] = `
<div
  className="container"
>
  <h1>
    TodoApp
    <small>
       (
      0
      )
    </small>
  </h1>
  <div
    className="row"
  >
    <div
      className="col-7"
    >
      <TodoList
        handleDelete={[Function]}
        handleToggle={[Function]}
        todos={Array []}
      />
    </div>
    <div
      className="col-5"
    >
      <TodoForm
        handleAddTodo={[Function]}
      />
    </div>
  </div>
  <br />
  <hr />
</div>
`;
