// Jest Snapshot v1, https://goo.gl/fbAQLP

exports[`Pruebas en HomeScreen Debe de mostrarse correctamente 1`] = `
<div>
  <h1>
    Home
  </h1>
  <hr />
  <pre>
    {
  "name": "Matias",
  "email": "matias.barrera95@gmail.com"
}
  </pre>
</div>
`;
