// Jest Snapshot v1, https://goo.gl/fbAQLP

exports[`Pruebas en AppRouter Debe de mostrar login si no esta autenticado 1`] = `
<div>
  <div
    className="login-container"
  >
    <div
      className="login-card-container"
    >
      <div
        className="login-card-header"
      >
        <h1>
          Welcome
        </h1>
      </div>
      <div
        className="login-card-body"
      >
        <button
          onClick={[Function]}
        >
          Login
        </button>
      </div>
    </div>
  </div>
</div>
`;
