// Jest Snapshot v1, https://goo.gl/fbAQLP

exports[`Pruebas en componente AddCategory.js Debe mostrar el componente <AddCategory /> correctamente 1`] = `
<form
  onSubmit={[Function]}
>
  <input
    onChange={[Function]}
    type="text"
    value=""
  />
</form>
`;
