// Jest Snapshot v1, https://goo.gl/fbAQLP

exports[`Prueba de componente GifGrid.js Debe de mostrar el componente <GifGrid /> correctamente 1`] = `
<Fragment>
  <h3
    className="animate__animated animate__bounceIn"
  >
    hunter x hunter
  </h3>
  <p
    className="animate__animated flash"
  >
    Loading
  </p>
  <div
    className="card-grid"
  />
</Fragment>
`;
